11:58:12 **** Incremental Build of configuration Debug for project Midterm_MCU ****
make -j4 all 
arm-none-eabi-gcc "../Core/Src/fsm_simple_button.c" -mcpu=cortex-m3 -std=gnu11 -g3 -DDEBUG -DUSE_HAL_DRIVER -DSTM32F103x6 -c -I../Core/Inc -I../Drivers/STM32F1xx_HAL_Driver/Inc -I../Drivers/STM32F1xx_HAL_Driver/Inc/Legacy -I../Drivers/CMSIS/Device/ST/STM32F1xx/Include -I../Drivers/CMSIS/Include -O0 -ffunction-sections -fdata-sections -Wall -fstack-usage -MMD -MP -MF"Core/Src/fsm_simple_button.d" -MT"Core/Src/fsm_simple_button.o" --specs=nano.specs -mfloat-abi=soft -mthumb -o "Core/Src/fsm_simple_button.o"
../Core/Src/fsm_simple_button.c: In function 'fsm_simple_button_run':
../Core/Src/fsm_simple_button.c:14:4: warning: implicit declaration of function 'display7SEG' [-Wimplicit-function-declaration]
   14 |    display7SEG(counter);
      |    ^~~~~~~~~~~
arm-none-eabi-gcc -o "Midterm_MCU.elf" @"objects.list"   -mcpu=cortex-m3 -T"D:\Midterm_MCU\Midterm_MCU\STM32F103C6UX_FLASH.ld" --specs=nosys.specs -Wl,-Map="Midterm_MCU.map" -Wl,--gc-sections -static --specs=nano.specs -mfloat-abi=soft -mthumb -Wl,--start-group -lc -lm -Wl,--end-group
Finished building target: Midterm_MCU.elf
 
arm-none-eabi-size   Midterm_MCU.elf 
arm-none-eabi-objdump -h -S  Midterm_MCU.elf  > "Midterm_MCU.list"
arm-none-eabi-objcopy  -O ihex  Midterm_MCU.elf  "Midterm_MCU.hex"
   text	   data	    bss	    dec	    hex	filename
   9456	     80	   1704	  11240	   2be8	Midterm_MCU.elf
arm-none-eabi-objcopy  -O binary  Midterm_MCU.elf  "Midterm_MCU.bin"
Finished building: default.size.stdout
 
Finished building: Midterm_MCU.bin
Finished building: Midterm_MCU.list
Finished building: Midterm_MCU.hex
 
 
 
12:01:32 **** Incremental Build of configuration Debug for project Midterm_MCU ****
make -j4 all 
arm-none-eabi-gcc "../Core/Src/fsm_simple_button.c" -mcpu=cortex-m3 -std=gnu11 -g3 -DDEBUG -DUSE_HAL_DRIVER -DSTM32F103x6 -c -I../Core/Inc -I../Drivers/STM32F1xx_HAL_Driver/Inc -I../Drivers/STM32F1xx_HAL_Driver/Inc/Legacy -I../Drivers/CMSIS/Device/ST/STM32F1xx/Include -I../Drivers/CMSIS/Include -O0 -ffunction-sections -fdata-sections -Wall -fstack-usage -MMD -MP -MF"Core/Src/fsm_simple_button.d" -MT"Core/Src/fsm_simple_button.o" --specs=nano.specs -mfloat-abi=soft -mthumb -o "Core/Src/fsm_simple_button.o"
../Core/Src/fsm_simple_button.c: In function 'fsm_simple_button_run':
../Core/Src/fsm_simple_button.c:14:4: warning: implicit declaration of function 'display7SEG' [-Wimplicit-function-declaration]
   14 |    display7SEG(counter);
      |    ^~~~~~~~~~~
arm-none-eabi-gcc -o "Midterm_MCU.elf" @"objects.list"   -mcpu=cortex-m3 -T"D:\Midterm_MCU\Midterm_MCU\STM32F103C6UX_FLASH.ld" --specs=nosys.specs -Wl,-Map="Midterm_MCU.map" -Wl,--gc-sections -static --specs=nano.specs -mfloat-abi=soft -mthumb -Wl,--start-group -lc -lm -Wl,--end-group
Finished building target: Midterm_MCU.elf
 
arm-none-eabi-size   Midterm_MCU.elf 
arm-none-eabi-objdump -h -S  Midterm_MCU.elf  > "Midterm_MCU.list"
arm-none-eabi-objcopy  -O ihex  Midterm_MCU.elf  "Midterm_MCU.hex"
arm-none-eabi-objcopy  -O binary  Midterm_MCU.elf  "Midterm_MCU.bin"
   text	   data	    bss	    dec	    hex	filename
   9460	     80	   1704	  11244	   2bec	Midterm_MCU.elf
Finished building: default.size.stdout
 
Finished building: Midterm_MCU.bin
Finished building: Midterm_MCU.hex
Finished building: Midterm_MCU.list
 
 
 
12:02:51 **** Incremental Build of configuration Debug for project Midterm_MCU ****
make -j4 all 
arm-none-eabi-gcc "../Core/Src/fsm_simple_button.c" -mcpu=cortex-m3 -std=gnu11 -g3 -DDEBUG -DUSE_HAL_DRIVER -DSTM32F103x6 -c -I../Core/Inc -I../Drivers/STM32F1xx_HAL_Driver/Inc -I../Drivers/STM32F1xx_HAL_Driver/Inc/Legacy -I../Drivers/CMSIS/Device/ST/STM32F1xx/Include -I../Drivers/CMSIS/Include -O0 -ffunction-sections -fdata-sections -Wall -fstack-usage -MMD -MP -MF"Core/Src/fsm_simple_button.d" -MT"Core/Src/fsm_simple_button.o" --specs=nano.specs -mfloat-abi=soft -mthumb -o "Core/Src/fsm_simple_button.o"
../Core/Src/fsm_simple_button.c: In function 'fsm_simple_button_run':
../Core/Src/fsm_simple_button.c:14:4: warning: implicit declaration of function 'display7SEG' [-Wimplicit-function-declaration]
   14 |    display7SEG(counter);
      |    ^~~~~~~~~~~
arm-none-eabi-gcc -o "Midterm_MCU.elf" @"objects.list"   -mcpu=cortex-m3 -T"D:\Midterm_MCU\Midterm_MCU\STM32F103C6UX_FLASH.ld" --specs=nosys.specs -Wl,-Map="Midterm_MCU.map" -Wl,--gc-sections -static --specs=nano.specs -mfloat-abi=soft -mthumb -Wl,--start-group -lc -lm -Wl,--end-group
Finished building target: Midterm_MCU.elf
 
arm-none-eabi-size   Midterm_MCU.elf 
arm-none-eabi-objdump -h -S  Midterm_MCU.elf  > "Midterm_MCU.list"
arm-none-eabi-objcopy  -O ihex  Midterm_MCU.elf  "Midterm_MCU.hex"
arm-none-eabi-objcopy  -O binary  Midterm_MCU.elf  "Midterm_MCU.bin"
   text	   data	    bss	    dec	    hex	filename
   9464	     80	   1704	  11248	   2bf0	Midterm_MCU.elf
Finished building: default.size.stdout
 
Finished building: Midterm_MCU.hex
Finished building: Midterm_MCU.bin
 
 
Finished building: Midterm_MCU.list
 
12:04:17 **** Incremental Build of configuration Debug for project Midterm_MCU ****
make -j4 all 
arm-none-eabi-gcc "../Core/Src/fsm_simple_button.c" -mcpu=cortex-m3 -std=gnu11 -g3 -DDEBUG -DUSE_HAL_DRIVER -DSTM32F103x6 -c -I../Core/Inc -I../Drivers/STM32F1xx_HAL_Driver/Inc -I../Drivers/STM32F1xx_HAL_Driver/Inc/Legacy -I../Drivers/CMSIS/Device/ST/STM32F1xx/Include -I../Drivers/CMSIS/Include -O0 -ffunction-sections -fdata-sections -Wall -fstack-usage -MMD -MP -MF"Core/Src/fsm_simple_button.d" -MT"Core/Src/fsm_simple_button.o" --specs=nano.specs -mfloat-abi=soft -mthumb -o "Core/Src/fsm_simple_button.o"
../Core/Src/fsm_simple_button.c: In function 'fsm_simple_button_run':
../Core/Src/fsm_simple_button.c:14:4: warning: implicit declaration of function 'display7SEG' [-Wimplicit-function-declaration]
   14 |    display7SEG(counter);
      |    ^~~~~~~~~~~
arm-none-eabi-gcc -o "Midterm_MCU.elf" @"objects.list"   -mcpu=cortex-m3 -T"D:\Midterm_MCU\Midterm_MCU\STM32F103C6UX_FLASH.ld" --specs=nosys.specs -Wl,-Map="Midterm_MCU.map" -Wl,--gc-sections -static --specs=nano.specs -mfloat-abi=soft -mthumb -Wl,--start-group -lc -lm -Wl,--end-group
Finished building target: Midterm_MCU.elf
 
arm-none-eabi-size   Midterm_MCU.elf 
arm-none-eabi-objdump -h -S  Midterm_MCU.elf  > "Midterm_MCU.list"
arm-none-eabi-objcopy  -O ihex  Midterm_MCU.elf  "Midterm_MCU.hex"
arm-none-eabi-objcopy  -O binary  Midterm_MCU.elf  "Midterm_MCU.bin"
   text	   data	    bss	    dec	    hex	filename
   9476	     80	   1704	  11260	   2bfc	Midterm_MCU.elf
Finished building: default.size.stdout
Finished building: Midterm_MCU.hex
Finished building: Midterm_MCU.bin
 
 
 
Finished building: Midterm_MCU.list
 
12:05:39 **** Incremental Build of configuration Debug for project Midterm_MCU ****
make -j4 all 
arm-none-eabi-gcc "../Core/Src/fsm_simple_button.c" -mcpu=cortex-m3 -std=gnu11 -g3 -DDEBUG -DUSE_HAL_DRIVER -DSTM32F103x6 -c -I../Core/Inc -I../Drivers/STM32F1xx_HAL_Driver/Inc -I../Drivers/STM32F1xx_HAL_Driver/Inc/Legacy -I../Drivers/CMSIS/Device/ST/STM32F1xx/Include -I../Drivers/CMSIS/Include -O0 -ffunction-sections -fdata-sections -Wall -fstack-usage -MMD -MP -MF"Core/Src/fsm_simple_button.d" -MT"Core/Src/fsm_simple_button.o" --specs=nano.specs -mfloat-abi=soft -mthumb -o "Core/Src/fsm_simple_button.o"
../Core/Src/fsm_simple_button.c: In function 'fsm_simple_button_run':
../Core/Src/fsm_simple_button.c:14:4: warning: implicit declaration of function 'display7SEG' [-Wimplicit-function-declaration]
   14 |    display7SEG(counter);
      |    ^~~~~~~~~~~
arm-none-eabi-gcc -o "Midterm_MCU.elf" @"objects.list"   -mcpu=cortex-m3 -T"D:\Midterm_MCU\Midterm_MCU\STM32F103C6UX_FLASH.ld" --specs=nosys.specs -Wl,-Map="Midterm_MCU.map" -Wl,--gc-sections -static --specs=nano.specs -mfloat-abi=soft -mthumb -Wl,--start-group -lc -lm -Wl,--end-group
Finished building target: Midterm_MCU.elf
 
arm-none-eabi-size   Midterm_MCU.elf 
arm-none-eabi-objdump -h -S  Midterm_MCU.elf  > "Midterm_MCU.list"
arm-none-eabi-objcopy  -O ihex  Midterm_MCU.elf  "Midterm_MCU.hex"
arm-none-eabi-objcopy  -O binary  Midterm_MCU.elf  "Midterm_MCU.bin"
   text	   data	    bss	    dec	    hex	filename
   9488	     80	   1704	  11272	   2c08	Midterm_MCU.elf
Finished building: default.size.stdout
 
Finished building: Midterm_MCU.hex
Finished building: Midterm_MCU.bin
 
 
Finished building: Midterm_MCU.list
 
12:12:22 **** Incremental Build of configuration Debug for project Midterm_MCU ****
make -j4 all 
arm-none-eabi-gcc "../Core/Src/fsm_simple_button.c" -mcpu=cortex-m3 -std=gnu11 -g3 -DDEBUG -DUSE_HAL_DRIVER -DSTM32F103x6 -c -I../Core/Inc -I../Drivers/STM32F1xx_HAL_Driver/Inc -I../Drivers/STM32F1xx_HAL_Driver/Inc/Legacy -I../Drivers/CMSIS/Device/ST/STM32F1xx/Include -I../Drivers/CMSIS/Include -O0 -ffunction-sections -fdata-sections -Wall -fstack-usage -MMD -MP -MF"Core/Src/fsm_simple_button.d" -MT"Core/Src/fsm_simple_button.o" --specs=nano.specs -mfloat-abi=soft -mthumb -o "Core/Src/fsm_simple_button.o"
../Core/Src/fsm_simple_button.c: In function 'fsm_simple_button_run':
../Core/Src/fsm_simple_button.c:14:4: warning: implicit declaration of function 'display7SEG' [-Wimplicit-function-declaration]
   14 |    display7SEG(counter);
      |    ^~~~~~~~~~~
arm-none-eabi-gcc -o "Midterm_MCU.elf" @"objects.list"   -mcpu=cortex-m3 -T"D:\Midterm_MCU\Midterm_MCU\STM32F103C6UX_FLASH.ld" --specs=nosys.specs -Wl,-Map="Midterm_MCU.map" -Wl,--gc-sections -static --specs=nano.specs -mfloat-abi=soft -mthumb -Wl,--start-group -lc -lm -Wl,--end-group
Finished building target: Midterm_MCU.elf
 
arm-none-eabi-size   Midterm_MCU.elf 
arm-none-eabi-objdump -h -S  Midterm_MCU.elf  > "Midterm_MCU.list"
arm-none-eabi-objcopy  -O ihex  Midterm_MCU.elf  "Midterm_MCU.hex"
arm-none-eabi-objcopy  -O binary  Midterm_MCU.elf  "Midterm_MCU.bin"
   text	   data	    bss	    dec	    hex	filename
   9480	     80	   1704	  11264	   2c00	Midterm_MCU.elf
Finished building: default.size.stdout
 
Finished building: Midterm_MCU.hex
Finished building: Midterm_MCU.bin
 
Finished building: Midterm_MCU.list
 
 
12:18:11 **** Incremental Build of configuration Debug for project Midterm_MCU ****
make -j4 all 
arm-none-eabi-gcc "../Core/Src/fsm_simple_button.c" -mcpu=cortex-m3 -std=gnu11 -g3 -DDEBUG -DUSE_HAL_DRIVER -DSTM32F103x6 -c -I../Core/Inc -I../Drivers/STM32F1xx_HAL_Driver/Inc -I../Drivers/STM32F1xx_HAL_Driver/Inc/Legacy -I../Drivers/CMSIS/Device/ST/STM32F1xx/Include -I../Drivers/CMSIS/Include -O0 -ffunction-sections -fdata-sections -Wall -fstack-usage -MMD -MP -MF"Core/Src/fsm_simple_button.d" -MT"Core/Src/fsm_simple_button.o" --specs=nano.specs -mfloat-abi=soft -mthumb -o "Core/Src/fsm_simple_button.o"
arm-none-eabi-gcc "../Core/Src/main.c" -mcpu=cortex-m3 -std=gnu11 -g3 -DDEBUG -DUSE_HAL_DRIVER -DSTM32F103x6 -c -I../Core/Inc -I../Drivers/STM32F1xx_HAL_Driver/Inc -I../Drivers/STM32F1xx_HAL_Driver/Inc/Legacy -I../Drivers/CMSIS/Device/ST/STM32F1xx/Include -I../Drivers/CMSIS/Include -O0 -ffunction-sections -fdata-sections -Wall -fstack-usage -MMD -MP -MF"Core/Src/main.d" -MT"Core/Src/main.o" --specs=nano.specs -mfloat-abi=soft -mthumb -o "Core/Src/main.o"
../Core/Src/main.c: In function 'main':
../Core/Src/fsm_simple_button.c: In function 'fsm_simple_button_run':
../Core/Src/fsm_simple_button.c:14:4: warning: implicit declaration of function 'display7SEG' [-Wimplicit-function-declaration]
   14 |    display7SEG(counter);
      |    ^~~~~~~~~~~
../Core/Src/main.c:104:42: error: 'LED_RED_GPIO_Pin' undeclared (first use in this function); did you mean 'LED_RED_GPIO_Port'?
  104 |    HAL_GPIO_TogglePin(LED_RED_GPIO_Port, LED_RED_GPIO_Pin);
      |                                          ^~~~~~~~~~~~~~~~
      |                                          LED_RED_GPIO_Port
../Core/Src/main.c:104:42: note: each undeclared identifier is reported only once for each function it appears in
make: *** [Core/Src/subdir.mk:52: Core/Src/main.o] Error 1
make: *** Waiting for unfinished jobs....
"make -j4 all" terminated with exit code 2. Build might be incomplete.
12:18:25 **** Incremental Build of configuration Debug for project Midterm_MCU ****
make -j4 all 
arm-none-eabi-gcc "../Core/Src/main.c" -mcpu=cortex-m3 -std=gnu11 -g3 -DDEBUG -DUSE_HAL_DRIVER -DSTM32F103x6 -c -I../Core/Inc -I../Drivers/STM32F1xx_HAL_Driver/Inc -I../Drivers/STM32F1xx_HAL_Driver/Inc/Legacy -I../Drivers/CMSIS/Device/ST/STM32F1xx/Include -I../Drivers/CMSIS/Include -O0 -ffunction-sections -fdata-sections -Wall -fstack-usage -MMD -MP -MF"Core/Src/main.d" -MT"Core/Src/main.o" --specs=nano.specs -mfloat-abi=soft -mthumb -o "Core/Src/main.o"
arm-none-eabi-gcc -o "Midterm_MCU.elf" @"objects.list"   -mcpu=cortex-m3 -T"D:\Midterm_MCU\Midterm_MCU\STM32F103C6UX_FLASH.ld" --specs=nosys.specs -Wl,-Map="Midterm_MCU.map" -Wl,--gc-sections -static --specs=nano.specs -mfloat-abi=soft -mthumb -Wl,--start-group -lc -lm -Wl,--end-group
Finished building target: Midterm_MCU.elf
 
arm-none-eabi-size   Midterm_MCU.elf 
arm-none-eabi-objdump -h -S  Midterm_MCU.elf  > "Midterm_MCU.list"
arm-none-eabi-objcopy  -O ihex  Midterm_MCU.elf  "Midterm_MCU.hex"
arm-none-eabi-objcopy  -O binary  Midterm_MCU.elf  "Midterm_MCU.bin"
   text	   data	    bss	    dec	    hex	filename
   9548	     80	   1704	  11332	   2c44	Midterm_MCU.elf
Finished building: default.size.stdout
 
Finished building: Midterm_MCU.bin
Finished building: Midterm_MCU.hex
Finished building: Midterm_MCU.list
 
 
 
12:19:02 **** Incremental Build of configuration Debug for project Midterm_MCU ****
make -j4 all 
arm-none-eabi-gcc "../Core/Src/main.c" -mcpu=cortex-m3 -std=gnu11 -g3 -DDEBUG -DUSE_HAL_DRIVER -DSTM32F103x6 -c -I../Core/Inc -I../Drivers/STM32F1xx_HAL_Driver/Inc -I../Drivers/STM32F1xx_HAL_Driver/Inc/Legacy -I../Drivers/CMSIS/Device/ST/STM32F1xx/Include -I../Drivers/CMSIS/Include -O0 -ffunction-sections -fdata-sections -Wall -fstack-usage -MMD -MP -MF"Core/Src/main.d" -MT"Core/Src/main.o" --specs=nano.specs -mfloat-abi=soft -mthumb -o "Core/Src/main.o"
arm-none-eabi-gcc -o "Midterm_MCU.elf" @"objects.list"   -mcpu=cortex-m3 -T"D:\Midterm_MCU\Midterm_MCU\STM32F103C6UX_FLASH.ld" --specs=nosys.specs -Wl,-Map="Midterm_MCU.map" -Wl,--gc-sections -static --specs=nano.specs -mfloat-abi=soft -mthumb -Wl,--start-group -lc -lm -Wl,--end-group
Finished building target: Midterm_MCU.elf
 
arm-none-eabi-size   Midterm_MCU.elf 
arm-none-eabi-objdump -h -S  Midterm_MCU.elf  > "Midterm_MCU.list"
arm-none-eabi-objcopy  -O ihex  Midterm_MCU.elf  "Midterm_MCU.hex"
arm-none-eabi-objcopy  -O binary  Midterm_MCU.elf  "Midterm_MCU.bin"
   text	   data	    bss	    dec	    hex	filename
   9612	     80	   1704	  11396	   2c84	Midterm_MCU.elf
Finished building: default.size.stdout
 
Finished building: Midterm_MCU.bin
Finished building: Midterm_MCU.hex
 
 
Finished building: Midterm_MCU.list
 
14:15:04 **** Incremental Build of configuration Debug for project Midterm_MCU ****
make -j4 all 
arm-none-eabi-gcc "../Core/Src/button.c" -mcpu=cortex-m3 -std=gnu11 -g3 -DDEBUG -DUSE_HAL_DRIVER -DSTM32F103x6 -c -I../Core/Inc -I../Drivers/STM32F1xx_HAL_Driver/Inc -I../Drivers/STM32F1xx_HAL_Driver/Inc/Legacy -I../Drivers/CMSIS/Device/ST/STM32F1xx/Include -I../Drivers/CMSIS/Include -O0 -ffunction-sections -fdata-sections -Wall -fstack-usage -MMD -MP -MF"Core/Src/button.d" -MT"Core/Src/button.o" --specs=nano.specs -mfloat-abi=soft -mthumb -o "Core/Src/button.o"
arm-none-eabi-gcc "../Core/Src/display7SEG.c" -mcpu=cortex-m3 -std=gnu11 -g3 -DDEBUG -DUSE_HAL_DRIVER -DSTM32F103x6 -c -I../Core/Inc -I../Drivers/STM32F1xx_HAL_Driver/Inc -I../Drivers/STM32F1xx_HAL_Driver/Inc/Legacy -I../Drivers/CMSIS/Device/ST/STM32F1xx/Include -I../Drivers/CMSIS/Include -O0 -ffunction-sections -fdata-sections -Wall -fstack-usage -MMD -MP -MF"Core/Src/display7SEG.d" -MT"Core/Src/display7SEG.o" --specs=nano.specs -mfloat-abi=soft -mthumb -o "Core/Src/display7SEG.o"
arm-none-eabi-gcc "../Core/Src/fsm_simple_button.c" -mcpu=cortex-m3 -std=gnu11 -g3 -DDEBUG -DUSE_HAL_DRIVER -DSTM32F103x6 -c -I../Core/Inc -I../Drivers/STM32F1xx_HAL_Driver/Inc -I../Drivers/STM32F1xx_HAL_Driver/Inc/Legacy -I../Drivers/CMSIS/Device/ST/STM32F1xx/Include -I../Drivers/CMSIS/Include -O0 -ffunction-sections -fdata-sections -Wall -fstack-usage -MMD -MP -MF"Core/Src/fsm_simple_button.d" -MT"Core/Src/fsm_simple_button.o" --specs=nano.specs -mfloat-abi=soft -mthumb -o "Core/Src/fsm_simple_button.o"
arm-none-eabi-gcc "../Core/Src/global.c" -mcpu=cortex-m3 -std=gnu11 -g3 -DDEBUG -DUSE_HAL_DRIVER -DSTM32F103x6 -c -I../Core/Inc -I../Drivers/STM32F1xx_HAL_Driver/Inc -I../Drivers/STM32F1xx_HAL_Driver/Inc/Legacy -I../Drivers/CMSIS/Device/ST/STM32F1xx/Include -I../Drivers/CMSIS/Include -O0 -ffunction-sections -fdata-sections -Wall -fstack-usage -MMD -MP -MF"Core/Src/global.d" -MT"Core/Src/global.o" --specs=nano.specs -mfloat-abi=soft -mthumb -o "Core/Src/global.o"
../Core/Src/fsm_simple_button.c: In function 'fsm_simple_button_run':
../Core/Src/fsm_simple_button.c:14:4: warning: implicit declaration of function 'display7SEG' [-Wimplicit-function-declaration]
   14 |    display7SEG(counter);
      |    ^~~~~~~~~~~
arm-none-eabi-gcc "../Core/Src/main.c" -mcpu=cortex-m3 -std=gnu11 -g3 -DDEBUG -DUSE_HAL_DRIVER -DSTM32F103x6 -c -I../Core/Inc -I../Drivers/STM32F1xx_HAL_Driver/Inc -I../Drivers/STM32F1xx_HAL_Driver/Inc/Legacy -I../Drivers/CMSIS/Device/ST/STM32F1xx/Include -I../Drivers/CMSIS/Include -O0 -ffunction-sections -fdata-sections -Wall -fstack-usage -MMD -MP -MF"Core/Src/main.d" -MT"Core/Src/main.o" --specs=nano.specs -mfloat-abi=soft -mthumb -o "Core/Src/main.o"
arm-none-eabi-gcc "../Core/Src/normal_press.c" -mcpu=cortex-m3 -std=gnu11 -g3 -DDEBUG -DUSE_HAL_DRIVER -DSTM32F103x6 -c -I../Core/Inc -I../Drivers/STM32F1xx_HAL_Driver/Inc -I../Drivers/STM32F1xx_HAL_Driver/Inc/Legacy -I../Drivers/CMSIS/Device/ST/STM32F1xx/Include -I../Drivers/CMSIS/Include -O0 -ffunction-sections -fdata-sections -Wall -fstack-usage -MMD -MP -MF"Core/Src/normal_press.d" -MT"Core/Src/normal_press.o" --specs=nano.specs -mfloat-abi=soft -mthumb -o "Core/Src/normal_press.o"
../Core/Src/normal_press.c: In function 'NormalPress':
../Core/Src/normal_press.c:11:2: warning: implicit declaration of function 'display7SEG' [-Wimplicit-function-declaration]
   11 |  display7SEG(counter);
      |  ^~~~~~~~~~~
arm-none-eabi-gcc -o "Midterm_MCU.elf" @"objects.list"   -mcpu=cortex-m3 -T"D:\Midterm_MCU\Midterm_MCU\STM32F103C6UX_FLASH.ld" --specs=nosys.specs -Wl,-Map="Midterm_MCU.map" -Wl,--gc-sections -static --specs=nano.specs -mfloat-abi=soft -mthumb -Wl,--start-group -lc -lm -Wl,--end-group
Finished building target: Midterm_MCU.elf
 
arm-none-eabi-size   Midterm_MCU.elf 
arm-none-eabi-objdump -h -S  Midterm_MCU.elf  > "Midterm_MCU.list"
arm-none-eabi-objcopy  -O ihex  Midterm_MCU.elf  "Midterm_MCU.hex"
   text	   data	    bss	    dec	    hex	filename
   9612	     80	   1704	  11396	   2c84	Midterm_MCU.elf
arm-none-eabi-objcopy  -O binary  Midterm_MCU.elf  "Midterm_MCU.bin"
Finished building: default.size.stdout
 
Finished building: Midterm_MCU.hex
Finished building: Midterm_MCU.bin
 
 
Finished building: Midterm_MCU.list
 
14:24:02 **** Incremental Build of configuration Debug for project Midterm_MCU ****
make -j4 all 
arm-none-eabi-gcc "../Core/Src/fsm_simple_button.c" -mcpu=cortex-m3 -std=gnu11 -g3 -DDEBUG -DUSE_HAL_DRIVER -DSTM32F103x6 -c -I../Core/Inc -I../Drivers/STM32F1xx_HAL_Driver/Inc -I../Drivers/STM32F1xx_HAL_Driver/Inc/Legacy -I../Drivers/CMSIS/Device/ST/STM32F1xx/Include -I../Drivers/CMSIS/Include -O0 -ffunction-sections -fdata-sections -Wall -fstack-usage -MMD -MP -MF"Core/Src/fsm_simple_button.d" -MT"Core/Src/fsm_simple_button.o" --specs=nano.specs -mfloat-abi=soft -mthumb -o "Core/Src/fsm_simple_button.o"
../Core/Src/fsm_simple_button.c: In function 'fsm_simple_button_run':
../Core/Src/fsm_simple_button.c:14:4: warning: implicit declaration of function 'display7SEG' [-Wimplicit-function-declaration]
   14 |    display7SEG(counter);
      |    ^~~~~~~~~~~
../Core/Src/fsm_simple_button.c:15:13: error: 'Normal' undeclared (first use in this function)
   15 |    status = Normal;
      |             ^~~~~~
../Core/Src/fsm_simple_button.c:15:13: note: each undeclared identifier is reported only once for each function it appears in
make: *** [Core/Src/subdir.mk:52: Core/Src/fsm_simple_button.o] Error 1
"make -j4 all" terminated with exit code 2. Build might be incomplete.
14:24:39 **** Incremental Build of configuration Debug for project Midterm_MCU ****
make -j4 all 
arm-none-eabi-gcc "../Core/Src/button.c" -mcpu=cortex-m3 -std=gnu11 -g3 -DDEBUG -DUSE_HAL_DRIVER -DSTM32F103x6 -c -I../Core/Inc -I../Drivers/STM32F1xx_HAL_Driver/Inc -I../Drivers/STM32F1xx_HAL_Driver/Inc/Legacy -I../Drivers/CMSIS/Device/ST/STM32F1xx/Include -I../Drivers/CMSIS/Include -O0 -ffunction-sections -fdata-sections -Wall -fstack-usage -MMD -MP -MF"Core/Src/button.d" -MT"Core/Src/button.o" --specs=nano.specs -mfloat-abi=soft -mthumb -o "Core/Src/button.o"
arm-none-eabi-gcc "../Core/Src/display7SEG.c" -mcpu=cortex-m3 -std=gnu11 -g3 -DDEBUG -DUSE_HAL_DRIVER -DSTM32F103x6 -c -I../Core/Inc -I../Drivers/STM32F1xx_HAL_Driver/Inc -I../Drivers/STM32F1xx_HAL_Driver/Inc/Legacy -I../Drivers/CMSIS/Device/ST/STM32F1xx/Include -I../Drivers/CMSIS/Include -O0 -ffunction-sections -fdata-sections -Wall -fstack-usage -MMD -MP -MF"Core/Src/display7SEG.d" -MT"Core/Src/display7SEG.o" --specs=nano.specs -mfloat-abi=soft -mthumb -o "Core/Src/display7SEG.o"
arm-none-eabi-gcc "../Core/Src/fsm_simple_button.c" -mcpu=cortex-m3 -std=gnu11 -g3 -DDEBUG -DUSE_HAL_DRIVER -DSTM32F103x6 -c -I../Core/Inc -I../Drivers/STM32F1xx_HAL_Driver/Inc -I../Drivers/STM32F1xx_HAL_Driver/Inc/Legacy -I../Drivers/CMSIS/Device/ST/STM32F1xx/Include -I../Drivers/CMSIS/Include -O0 -ffunction-sections -fdata-sections -Wall -fstack-usage -MMD -MP -MF"Core/Src/fsm_simple_button.d" -MT"Core/Src/fsm_simple_button.o" --specs=nano.specs -mfloat-abi=soft -mthumb -o "Core/Src/fsm_simple_button.o"
arm-none-eabi-gcc "../Core/Src/global.c" -mcpu=cortex-m3 -std=gnu11 -g3 -DDEBUG -DUSE_HAL_DRIVER -DSTM32F103x6 -c -I../Core/Inc -I../Drivers/STM32F1xx_HAL_Driver/Inc -I../Drivers/STM32F1xx_HAL_Driver/Inc/Legacy -I../Drivers/CMSIS/Device/ST/STM32F1xx/Include -I../Drivers/CMSIS/Include -O0 -ffunction-sections -fdata-sections -Wall -fstack-usage -MMD -MP -MF"Core/Src/global.d" -MT"Core/Src/global.o" --specs=nano.specs -mfloat-abi=soft -mthumb -o "Core/Src/global.o"
../Core/Src/fsm_simple_button.c: In function 'fsm_simple_button_run':
../Core/Src/fsm_simple_button.c:14:4: warning: implicit declaration of function 'display7SEG' [-Wimplicit-function-declaration]
   14 |    display7SEG(counter);
      |    ^~~~~~~~~~~
arm-none-eabi-gcc "../Core/Src/main.c" -mcpu=cortex-m3 -std=gnu11 -g3 -DDEBUG -DUSE_HAL_DRIVER -DSTM32F103x6 -c -I../Core/Inc -I../Drivers/STM32F1xx_HAL_Driver/Inc -I../Drivers/STM32F1xx_HAL_Driver/Inc/Legacy -I../Drivers/CMSIS/Device/ST/STM32F1xx/Include -I../Drivers/CMSIS/Include -O0 -ffunction-sections -fdata-sections -Wall -fstack-usage -MMD -MP -MF"Core/Src/main.d" -MT"Core/Src/main.o" --specs=nano.specs -mfloat-abi=soft -mthumb -o "Core/Src/main.o"
arm-none-eabi-gcc "../Core/Src/normal_press.c" -mcpu=cortex-m3 -std=gnu11 -g3 -DDEBUG -DUSE_HAL_DRIVER -DSTM32F103x6 -c -I../Core/Inc -I../Drivers/STM32F1xx_HAL_Driver/Inc -I../Drivers/STM32F1xx_HAL_Driver/Inc/Legacy -I../Drivers/CMSIS/Device/ST/STM32F1xx/Include -I../Drivers/CMSIS/Include -O0 -ffunction-sections -fdata-sections -Wall -fstack-usage -MMD -MP -MF"Core/Src/normal_press.d" -MT"Core/Src/normal_press.o" --specs=nano.specs -mfloat-abi=soft -mthumb -o "Core/Src/normal_press.o"
../Core/Src/normal_press.c: In function 'NormalPress':
../Core/Src/normal_press.c:11:2: warning: implicit declaration of function 'display7SEG' [-Wimplicit-function-declaration]
   11 |  display7SEG(counter);
      |  ^~~~~~~~~~~
arm-none-eabi-gcc -o "Midterm_MCU.elf" @"objects.list"   -mcpu=cortex-m3 -T"D:\Midterm_MCU\Midterm_MCU\STM32F103C6UX_FLASH.ld" --specs=nosys.specs -Wl,-Map="Midterm_MCU.map" -Wl,--gc-sections -static --specs=nano.specs -mfloat-abi=soft -mthumb -Wl,--start-group -lc -lm -Wl,--end-group
Finished building target: Midterm_MCU.elf
 
arm-none-eabi-size   Midterm_MCU.elf 
arm-none-eabi-objdump -h -S  Midterm_MCU.elf  > "Midterm_MCU.list"
arm-none-eabi-objcopy  -O ihex  Midterm_MCU.elf  "Midterm_MCU.hex"
arm-none-eabi-objcopy  -O binary  Midterm_MCU.elf  "Midterm_MCU.bin"
   text	   data	    bss	    dec	    hex	filename
   9612	     80	   1704	  11396	   2c84	Midterm_MCU.elf
Finished building: default.size.stdout
 
Finished building: Midterm_MCU.hex
Finished building: Midterm_MCU.bin
 
 
Finished building: Midterm_MCU.list
 
14:25:29 **** Incremental Build of configuration Debug for project Midterm_MCU ****
make -j4 all 
arm-none-eabi-gcc "../Core/Src/fsm_simple_button.c" -mcpu=cortex-m3 -std=gnu11 -g3 -DDEBUG -DUSE_HAL_DRIVER -DSTM32F103x6 -c -I../Core/Inc -I../Drivers/STM32F1xx_HAL_Driver/Inc -I../Drivers/STM32F1xx_HAL_Driver/Inc/Legacy -I../Drivers/CMSIS/Device/ST/STM32F1xx/Include -I../Drivers/CMSIS/Include -O0 -ffunction-sections -fdata-sections -Wall -fstack-usage -MMD -MP -MF"Core/Src/fsm_simple_button.d" -MT"Core/Src/fsm_simple_button.o" --specs=nano.specs -mfloat-abi=soft -mthumb -o "Core/Src/fsm_simple_button.o"
arm-none-eabi-gcc "../Core/Src/normal_press.c" -mcpu=cortex-m3 -std=gnu11 -g3 -DDEBUG -DUSE_HAL_DRIVER -DSTM32F103x6 -c -I../Core/Inc -I../Drivers/STM32F1xx_HAL_Driver/Inc -I../Drivers/STM32F1xx_HAL_Driver/Inc/Legacy -I../Drivers/CMSIS/Device/ST/STM32F1xx/Include -I../Drivers/CMSIS/Include -O0 -ffunction-sections -fdata-sections -Wall -fstack-usage -MMD -MP -MF"Core/Src/normal_press.d" -MT"Core/Src/normal_press.o" --specs=nano.specs -mfloat-abi=soft -mthumb -o "Core/Src/normal_press.o"
arm-none-eabi-gcc -o "Midterm_MCU.elf" @"objects.list"   -mcpu=cortex-m3 -T"D:\Midterm_MCU\Midterm_MCU\STM32F103C6UX_FLASH.ld" --specs=nosys.specs -Wl,-Map="Midterm_MCU.map" -Wl,--gc-sections -static --specs=nano.specs -mfloat-abi=soft -mthumb -Wl,--start-group -lc -lm -Wl,--end-group
Finished building target: Midterm_MCU.elf
 
arm-none-eabi-size   Midterm_MCU.elf 
arm-none-eabi-objdump -h -S  Midterm_MCU.elf  > "Midterm_MCU.list"
arm-none-eabi-objcopy  -O ihex  Midterm_MCU.elf  "Midterm_MCU.hex"
arm-none-eabi-objcopy  -O binary  Midterm_MCU.elf  "Midterm_MCU.bin"
   text	   data	    bss	    dec	    hex	filename
   9612	     80	   1704	  11396	   2c84	Midterm_MCU.elf
Finished building: default.size.stdout
 
Finished building: Midterm_MCU.hex
Finished building: Midterm_MCU.bin
 
 
Finished building: Midterm_MCU.list
 
14:50:55 **** Incremental Build of configuration Debug for project Midterm_MCU ****
make -j4 all 
arm-none-eabi-gcc "../Core/Src/fsm_simple_button.c" -mcpu=cortex-m3 -std=gnu11 -g3 -DDEBUG -DUSE_HAL_DRIVER -DSTM32F103x6 -c -I../Core/Inc -I../Drivers/STM32F1xx_HAL_Driver/Inc -I../Drivers/STM32F1xx_HAL_Driver/Inc/Legacy -I../Drivers/CMSIS/Device/ST/STM32F1xx/Include -I../Drivers/CMSIS/Include -O0 -ffunction-sections -fdata-sections -Wall -fstack-usage -MMD -MP -MF"Core/Src/fsm_simple_button.d" -MT"Core/Src/fsm_simple_button.o" --specs=nano.specs -mfloat-abi=soft -mthumb -o "Core/Src/fsm_simple_button.o"
arm-none-eabi-gcc -o "Midterm_MCU.elf" @"objects.list"   -mcpu=cortex-m3 -T"D:\Midterm_MCU\Midterm_MCU\STM32F103C6UX_FLASH.ld" --specs=nosys.specs -Wl,-Map="Midterm_MCU.map" -Wl,--gc-sections -static --specs=nano.specs -mfloat-abi=soft -mthumb -Wl,--start-group -lc -lm -Wl,--end-group
Finished building target: Midterm_MCU.elf
 
arm-none-eabi-size   Midterm_MCU.elf 
arm-none-eabi-objdump -h -S  Midterm_MCU.elf  > "Midterm_MCU.list"
arm-none-eabi-objcopy  -O ihex  Midterm_MCU.elf  "Midterm_MCU.hex"
arm-none-eabi-objcopy  -O binary  Midterm_MCU.elf  "Midterm_MCU.bin"
   text	   data	    bss	    dec	    hex	filename
   9592	     80	   1704	  11376	   2c70	Midterm_MCU.elf
Finished building: default.size.stdout
 
Finished building: Midterm_MCU.bin
Finished building: Midterm_MCU.hex
Finished building: Midterm_MCU.list
 
 
 
15:20:16 **** Incremental Build of configuration Debug for project Midterm_MCU ****
make -j4 all 
arm-none-eabi-gcc "../Core/Src/fsm_simple_button.c" -mcpu=cortex-m3 -std=gnu11 -g3 -DDEBUG -DUSE_HAL_DRIVER -DSTM32F103x6 -c -I../Core/Inc -I../Drivers/STM32F1xx_HAL_Driver/Inc -I../Drivers/STM32F1xx_HAL_Driver/Inc/Legacy -I../Drivers/CMSIS/Device/ST/STM32F1xx/Include -I../Drivers/CMSIS/Include -O0 -ffunction-sections -fdata-sections -Wall -fstack-usage -MMD -MP -MF"Core/Src/fsm_simple_button.d" -MT"Core/Src/fsm_simple_button.o" --specs=nano.specs -mfloat-abi=soft -mthumb -o "Core/Src/fsm_simple_button.o"
arm-none-eabi-gcc -o "Midterm_MCU.elf" @"objects.list"   -mcpu=cortex-m3 -T"D:\Midterm_MCU\Midterm_MCU\STM32F103C6UX_FLASH.ld" --specs=nosys.specs -Wl,-Map="Midterm_MCU.map" -Wl,--gc-sections -static --specs=nano.specs -mfloat-abi=soft -mthumb -Wl,--start-group -lc -lm -Wl,--end-group
Finished building target: Midterm_MCU.elf
 
arm-none-eabi-size   Midterm_MCU.elf 
arm-none-eabi-objdump -h -S  Midterm_MCU.elf  > "Midterm_MCU.list"
arm-none-eabi-objcopy  -O ihex  Midterm_MCU.elf  "Midterm_MCU.hex"
   text	   data	    bss	    dec	    hex	filename
   9612	     80	   1704	  11396	   2c84	Midterm_MCU.elf
arm-none-eabi-objcopy  -O binary  Midterm_MCU.elf  "Midterm_MCU.bin"
Finished building: default.size.stdout
 
Finished building: Midterm_MCU.bin
Finished building: Midterm_MCU.hex
Finished building: Midterm_MCU.list
 
 
 
